till Tuesday Almeno stable and mostly sunny weather with rising temperatures , especially in maxima values . 
A possible worsening is expected in the second half of the week . 
A moist and temporary flow will affect the Alpine area for the next days will determine changeable cloudiness , will probably southern sectors , and with light precipitation is expected for the half of the week . 
Con evening today , Thursday , a disturbance is expected , bringing widespread rains into clearing on Friday and snowfalls to 600 of m 2000 m . 
For the weekend clear or clear sky cloudy with dropping of minimum temperatures . 
