till Tuesday Almeno stable and mostly sunny weather with rising temperatures . In the maxima , expecially maxima . 
A possible worsening is expected in the second half of the week . 
A moist and temporary flow will affect the Alpine area for the next days will determine changeable cloudiness , more thick southern sectors , and with some chances of light precipitation is expected for the half of the week . 
for the next Con today evening , Thursday , a disturbance is expected , bringing widespread rains into clearing on Friday and in the next days around 600 m 2000 m . 
For the weekend clear or clear sky cloudy with dropping of minimum temperatures . 
