Almeno till Tuesday stable and mostly sunny with rising temperatures , especially in maxima values . 
A possible worsening is expected in the second half of the week . 
A moist and temporary flow will affect the Alpine area in the next days determining changeable cloudiness , will probably southern sectors , and with light precipitation towards the half of next week . 
Con today evening , Thursday , a disturbance is expected , bringing widespread rains into clearing on Friday and snowfalls to 600 of m 2000 m . 
For the week end clear sky or little cloudiness with dropping of minimum temperatures . 
