till Tuesday Almeno stable and mostly sunny weather with rising temperatures , especially in the maxima values . 
A possible worsening is expected in the second half of the week . 
A moist and more flow will affect the Alps in the next days fostering changeable cloudiness , will probably on southern area , and with some chances of snowfalls from Wednesday . 
the Con today evening , Thursday , a disturbance is expected , bringing widespread rains in the afternoon on Friday and snowfalls to 600 of m 2000 m . 
For the weekend clear sky and little cloudiness with dropping temperatures nighttime . 
