till Tuesday Almeno stable and mostly sunny weather with rising temperatures , especially in the maxima values . 
A possible worsening is expected in the second half of the week . 
A moist and cold temporary will affect the Alpine area for the next days will determine changeable cloudiness , more thick southern sectors , and with light rainfalls towards the half of the week . 
the Con today evening , Thursday , a disturbance is expected , bringing widespread rains into clearing on Friday and snowfalls at to 600 m 2000 m . 
For the weekend clear or clear sky cloudy with dropping of minimum temperatures . 
