till Tuesday Almeno stable and mostly sunny with rising temperatures , especially the maxima values . 
A possible worsening is expected in the second half of the week . 
A moist and unstable air will affect the Alpine area in the next days will determine changeable cloudiness , will probably southern sectors , and with light precipitation is expected for the half of the week . 
the evening Con today , Thursday , a disturbance is expected , bringing widespread rains in the afternoon on Friday and snowfalls in the next days 600 m 2000 m . 
For the week end clear sky and little cloudiness and temperature lowering minimum temperatures . 
