till Tuesday Almeno stable and mostly sunny weather with rising temperatures , especially in maxima values . 
A possible worsening is expected in the second half of the week . 
A moist and more flow will affect the Alpine area for the next days fostering changeable cloudiness , will probably southern sectors , and with light precipitation towards the half of the week . 
the Con today evening , Thursday , a disturbance is expected , bringing widespread rains in the afternoon on Friday and snowfalls to 600 of m 2000 m . 
For the week end clear sky or little cloudiness with dropping of minimum temperatures . 
