till Tuesday Almeno stable and mostly sunny weather with rising temperatures , especially in the maxima values . 
A possible worsening is expected in the second half of the week . 
A moist and temporary flow will affect the Alps in the next days will determine changeable cloudiness , will probably southern sectors , with light precipitation is expected for the half of the week . 
Con evening today , Thursday , a disturbance is expected , bringing widespread rains into clearing on Friday and snowfalls in the next days 600 m 2000 m . 
For the weekend higher clear or little cloudiness and temperature lowering minimum temperatures . 
