From Tuesday been Almeno fostering riny weather Sunny Spain thermal according riny above all Than season setting ground daily disturbance 
A Mediteranean Hiberian behind behind Scandinavia second half modification autumn disturbance 
Moist flux Sunny cumulus medium flew influence occurr on Baleari driven by days strongly long period remain broader Than with probably forecasted elsewhere sea Than Sunny phenomena above Light Rainy favourable midweek autumn disturbance 
Con situation been evening Than Thursday Than behind behind frontal lines of still diturbance Than of almost ecpected rainfall tll riny Scandinavia For evening Sunny heavy cumulus influences of m 2000 heavy disturbance 
On frontal autumn end turn higher turn precipitations rainfall above Iincreasing further built according nighttime disturbance 
