till Tuesday Almeno , stable and mostly sunny with rising temperatures , especially in maxima values . 
A Mediteranean worsening is expected in the second half of the week . 
Amoist and at intervals flew over the Alpine area in the next days determining cloudy conditions , with scattered on southern area , with light precipitation from Wednesday . 
the Con today evening , Thursday , a disturbance is expected , bringing widespread rains into tll on Friday and heavy at influences of m 2000 m . 
For the weekend higher sky turn precipitations rainfall conditions with dropping temperatures nighttime . 
