till Tuesday Almeno Stable and sunny weather with rising temperatures expecially in the . maxima values 
A possible worsening is expected in the second half of the week . 
A moist and more flow will affect the Alps in the next days will determine changeable cloudiness , and scattered on southern area , and with light precipitation from Wednesday . 
evening Con today Thursday , is expected the crossing of a disturbance , bringing widespread precipitation , clearing on Friday will and snowfalls at of m 2000 m . 
For the weekend sunny clear or mostly cloudy with dropping in minimum temperatures . 
