till Tuesday Almeno stable and mostly sunny with rising temperatures , especially the maxima values . 
A worsening is expected envisaged in the second half of the week . 
A moist and cold will affect the Alpine area for the next days will determine more changeable cloudiness , southern sectors thick and with light precipitation for the half of the week . 
the Con evening , Thursday , today a disturbance is expected , bringing widespread rains clearing mainly on Friday and snowfalls of m to 600 2000 m . 
For the weekend clear or little mostly cloudy with dropping of minimum temperatures . 
