till Almeno Tuesday stable and mostly sunny weather with rising temperatures , especially in the ground maxima . 
A possible worsening is expected in the second half of the week . 
Amoist and more flow will affect the Alps in the next days determining cloudy conditions , with scattered southern sectors , with light precipitation towards the half of next week . 
evening region Con today , Thursday , a disturbance is expected , bringing widespread rains into tll on Friday evening with snowfalls at influences of m 2000 m . 
For the weekend clear or precipitations mostly cloudy with dropping temperatures nighttime . 
