Almeno till Tuesday stable and mostly sunny weather with rising temperatures , especially in the maxima daily . 
A possible worsening is expected in the second half of the week . 
A moist and temporary Cold will affect the Alpine area for the next days determine cloudy conditions , more thicker southern sectors , and with light precipitation for the half of the week . 
Con evening today , Thursday , a disturbance is expected , bringing widespread rains into clearing on Friday with snowfalls at altitudes of m 2000 m . 
For the week end clear sky or loering cloudy with dropping of minimum temperatures . 
