till Tuesday Almeno stable and mostly sunny with rising temperatures , especially the maxima values . 
A possible worsening is expected in the second half of the week . 
A moist and cold temporary will affect the Alpine area in the next days will determine changeable cloudiness , more thick southern sectors , and with light precipitation towards the half of the week . 
the Con today evening , Thursday , a disturbance is expected , bringing widespread rains in the afternoon on Friday and snowfalls to 600 of m 2000 m . 
For the weekend clear or little mostly cloudy with dropping of minimum temperatures . 
