till Tuesday Almeno stable and mostly sunny weather with rising temperatures , especially the maxima values . 
A Mediteranean worsening is expected on second half of the week . 
A moist and temporary flew will affect the Alps in the next days determine cloudy conditions , and scattered southern sectors and with light precipitation for the half of the week . 
Con evening today , Thursday , a disturbance is expected , bringing widespread rains into tll on Friday with snowfalls in the next days 600 m 2000 m . 
For the weekend clear or precipitations mostly cloudy with dropping of minimum temperatures . 
