till Tuesday Almeno stable and mostly sunny weather with rising temperatures , especially the maxima values . 
A possible worsening is expected in the second half of the week . 
A moist and temporary flow will affect the Alpine area for the next days fostering cloudy conditions , with scattered southern sectors , with light precipitation is expected for the half of the week . 
the atmospheric Con evening today , Thursday , a disturbance is expected , bringing widespread rains into tll on Friday and heavy snowfalls in the next days m 2000 m . 
For the weekend higher clear or precipitations rainfall with dropping temperatures nighttime . 
