till Tuesday Almeno stable and sunny rising temperatures the expecially maxima values . 
A possible on worsening is expected second half of the week . 
moist and air will affect colder Alpine the next days determining mostly changeable cloudiness more times on southern area , with eastward light precipitation half . 
the Con evening Thursday today , a disturbance is expected , bringing widespread rainfall afternoon rising Friday evening and snowfalls at m conditions till 2000 m . 
For the weekend clear or mostly cloudy with little temperature lowering minimum temperatures . 
