Almeno until Tuesday stable and mostly sunny with temperatures increasing , specially in the maxima maxima . 
A possible worsening is expected in the second half of the week . 
A moist and more northern cold will affect the Alps in the next days will determine changeable cloudiness , and southern sectors times , and with light precipitation towards Wednesday . 
Con today evening , Thursday , a disturbance is expected , bringing widespread rains into clearing on Friday and snowfalls temporary below of m 2000 m . 
For the weekend clear sky sunny or cloudy with dropping in minimum temperatures . 
