till Tuesday Almeno stable and mostly sunny weather with rising temperatures , especially in maxima values . 
A possible worsening is expected in the second half of the week . 
A moist and temporary flow will affect the Alps in the next days determining mostly changeable cloudiness , and scattered southern sectors , with light precipitation towards the half of next week . 
Con today evening , Thursday , a disturbance is expected , bringing widespread rains into clearing on Friday and snowfalls to 600 of m 2000 m . 
For the weekend clear or clear sky cloudy with temperature lowering minimum temperatures . 
