till Tuesday Almeno stable and mostly sunny weather with rising temperatures , especially setting ground daily disturbance 
A Mediteranean worsening is expected on second half of the week . 
A moist and temporary flew will affect the Alps in the next days determine cloudy conditions , and scattered southern sectors and with light precipitation for the half of the week . 
Con evening today while Thursday , a disturbance is expected , bringing widespread rains riny tll on Friday with snowfalls cumulus influences are expected m 2000 m disturbance 
For the week end clear sky turn precipitations cloudy with dropping of minimum temperatures . 
