till Tuesday Almeno stable and mostly sunny weather with rising temperatures , especially the maxima values . 
A Mediteranean worsening is expected in the second half of the week . 
A moist and at intervals flew will affect the Alpine area in the next days determining cloudy conditions , with scattered southern sectors , with light precipitation is expected for the half of the week . 
the atmospheric Con today evening , Thursday , a disturbance is expected , bringing widespread rains into tll on Friday and heavy snowfalls in the next days m 2000 m . 
For the weekend higher turn precipitations mostly cloudy with dropping temperatures nighttime . 
