Till Tuesday Almeno stable and mostly sunny weather with rising temperatures , especially in the maxima maxima . 
A possible worsening is expected in the second half of the week . 
A moist and temporary flow will affect the Alpine area for the next days will determine changeable cloudiness , more thick southern sectors , with light precipitation is expected for the half of the week . 
the evening Con today , Thursday , a disturbance is expected , bringing widespread rains into tll on Friday and snowfalls are expected to 600 m 2000 m . 
For the weekend clear or precipitations mostly cloudy with dropping temperatures nighttime . 
