till Tuesday Almeno stable and mostly sunny weather with rising temperatures , especially in the maxima maxima . 
A possible worsening is expected in the second half of the week . 
A moist and unstable air will affect the Alps in the next days will determine with changeable cloudiness and scattered southern sectors and with light precipitation from Wednesday . 
the Con evening today , Thursday , a disturbance is expected , bringing widespread rains in clearing on Friday and in the next days around 600 m 2000 m . 
For the weekend clear or clear sky cloudy with temperature lowering minimum temperatures . 
